<html>
<body>
<pre>
<h1>µVision Build Log</h1>
<h2>Tool Versions:</h2>
IDE-Version: µVision V5.29.0.0
Copyright (C) 2019 ARM Ltd and ARM Germany GmbH. All rights reserved.
License Information: s/a s/a, s/a, LIC=W96CK-ZCNDK-PH489-4FG0K-D2AWR-TALXU
 
Tool Versions:
Toolchain:       MDK-ARM Professional  Version: 5.29.0.0
Toolchain Path:  C:\Keil_v5\ARM\ARMCC\Bin
C Compiler:      Armcc.exe V5.06 update 6 (build 750)
Assembler:       Armasm.exe V5.06 update 6 (build 750)
Linker/Locator:  ArmLink.exe V5.06 update 6 (build 750)
Library Manager: ArmAr.exe V5.06 update 6 (build 750)
Hex Converter:   FromElf.exe V5.06 update 6 (build 750)
CPU DLL:         SARMCM3.DLL V5.29.0.0
Dialog DLL:      DARMCM1.DLL V1.19.2.0
Target DLL:      STLink\ST-LINKIII-KEIL_SWO.dll V3.0.7.0
Dialog DLL:      TARMCM1.DLL V1.14.1.0
 
<h2>Project:</h2>
C:\Users\emrec\Desktop\cubemx_workspace\draw_graph\MDK-ARM\draw_graph.uvprojx
Project File Date:  11/27/2021

<h2>Output:</h2>
*** Using Compiler 'V5.06 update 6 (build 750)', folder: 'C:\Keil_v5\ARM\ARMCC\Bin'
Rebuild target 'draw_graph'
assembling startup_stm32l053xx.s...
compiling fonts.c...
compiling support.c...
compiling stm32l0xx_hal_msp.c...
compiling stm32l0xx_hal_flash_ramfunc.c...
compiling stm32l0xx_hal_i2c_ex.c...
compiling stm32l0xx_it.c...
compiling st7735.c...
..\st7735.c(332): warning:  #186-D: pointless comparison of unsigned integer with zero
    if((x >= ST7735_WIDTH) || ((y - h + 1) >= ST7735_HEIGHT) || ((x + w) <= 0) || (y < 0)){
..\st7735.c(347): warning:  #186-D: pointless comparison of unsigned integer with zero
    if(x < 0){                            
..\st7735.c(397): warning:  #1-D: last line of file ends without a newline
  }
..\st7735.c: 3 warnings, 0 errors
compiling stm32l0xx_hal_rcc_ex.c...
compiling main.c...
../Src/main.c(330): warning:  #68-D: integer conversion resulted in a change of sign
  			Response = -1; // 255
../Src/main.c: 1 warning, 0 errors
compiling stm32l0xx_hal.c...
compiling stm32l0xx_hal_spi.c...
compiling stm32l0xx_hal_rcc.c...
compiling stm32l0xx_hal_i2c.c...
compiling stm32l0xx_hal_flash.c...
compiling stm32l0xx_hal_flash_ex.c...
compiling stm32l0xx_hal_cortex.c...
compiling stm32l0xx_hal_dma.c...
compiling stm32l0xx_hal_gpio.c...
compiling stm32l0xx_hal_tim_ex.c...
compiling stm32l0xx_hal_pwr.c...
compiling stm32l0xx_hal_pwr_ex.c...
compiling system_stm32l0xx.c...
compiling stm32l0xx_hal_tim.c...
linking...
Program Size: Code=6536 RO-data=1524 RW-data=52 ZI-data=1196  
FromELF: creating hex file...
"draw_graph\draw_graph.axf" - 0 Error(s), 4 Warning(s).

<h2>Software Packages used:</h2>

Package Vendor: ARM
                http://www.keil.com/pack/ARM.CMSIS.5.6.0.pack
                ARM.CMSIS.5.6.0
                CMSIS (Cortex Microcontroller Software Interface Standard)
   * Component: CORE Version: 5.3.0

Package Vendor: Keil
                http://www.keil.com/pack/Keil.STM32L0xx_DFP.2.1.0.pack
                Keil.STM32L0xx_DFP.2.1.0
                STMicroelectronics STM32L0 Series Device Support, Drivers and Examples

<h2>Collection of Component include folders:</h2>
  .\RTE\_draw_graph
  C:\Users\emrec\AppData\Local\Arm\Packs\ARM\CMSIS\5.6.0\CMSIS\Core\Include
  C:\Users\emrec\AppData\Local\Arm\Packs\Keil\STM32L0xx_DFP\2.1.0\Drivers\CMSIS\Device\ST\STM32L0xx\Include

<h2>Collection of Component Files used:</h2>

   * Component: ARM::CMSIS:CORE:5.3.0
Build Time Elapsed:  00:00:04
</pre>
</body>
</html>
